

================================================================
== Vivado HLS Report for 'even_odd_sort_4_256'
================================================================
* Date:           Mon Aug 10 07:30:47 2020

* Version:        2018.2 (Build 2258646 on Thu Jun 14 20:25:20 MDT 2018)
* Project:        proj
* Solution:       solution1
* Product family: virtex7
* Target device:  xc7vx690tffg1927-2


================================================================
== Performance Estimates
================================================================
+ Timing (ns): 
    * Summary: 
    +--------+-------+----------+------------+
    |  Clock | Target| Estimated| Uncertainty|
    +--------+-------+----------+------------+
    |ap_clk  |   8.33|     3.582|        1.04|
    +--------+-------+----------+------------+

+ Latency (clock cycles): 
    * Summary: 
    +-----+-----+-----+-----+----------+
    |  Latency  |  Interval | Pipeline |
    | min | max | min | max |   Type   |
    +-----+-----+-----+-----+----------+
    |    2|    2|    3|    3| function |
    +-----+-----+-----+-----+----------+

    + Detail: 
        * Instance: 
        +------------------+-------+-----+-----+-----+-----+----------+
        |                  |       |  Latency  |  Interval | Pipeline |
        |     Instance     | Module| min | max | min | max |   Type   |
        +------------------+-------+-----+-----+-----+-----+----------+
        |grp_swap_fu_2192  |swap   |    0|    0|    1|    1| function |
        |grp_swap_fu_2200  |swap   |    0|    0|    1|    1| function |
        |grp_swap_fu_2208  |swap   |    0|    0|    1|    1| function |
        |grp_swap_fu_2216  |swap   |    0|    0|    1|    1| function |
        |grp_swap_fu_2224  |swap   |    0|    0|    1|    1| function |
        |grp_swap_fu_2232  |swap   |    0|    0|    1|    1| function |
        |grp_swap_fu_2240  |swap   |    0|    0|    1|    1| function |
        |grp_swap_fu_2248  |swap   |    0|    0|    1|    1| function |
        |grp_swap_fu_2256  |swap   |    0|    0|    1|    1| function |
        |grp_swap_fu_2264  |swap   |    0|    0|    1|    1| function |
        |grp_swap_fu_2272  |swap   |    0|    0|    1|    1| function |
        |grp_swap_fu_2280  |swap   |    0|    0|    1|    1| function |
        |grp_swap_fu_2288  |swap   |    0|    0|    1|    1| function |
        |grp_swap_fu_2296  |swap   |    0|    0|    1|    1| function |
        |grp_swap_fu_2304  |swap   |    0|    0|    1|    1| function |
        |grp_swap_fu_2312  |swap   |    0|    0|    1|    1| function |
        |grp_swap_fu_2320  |swap   |    0|    0|    1|    1| function |
        |grp_swap_fu_2328  |swap   |    0|    0|    1|    1| function |
        |grp_swap_fu_2336  |swap   |    0|    0|    1|    1| function |
        |grp_swap_fu_2344  |swap   |    0|    0|    1|    1| function |
        |grp_swap_fu_2352  |swap   |    0|    0|    1|    1| function |
        |grp_swap_fu_2360  |swap   |    0|    0|    1|    1| function |
        |grp_swap_fu_2368  |swap   |    0|    0|    1|    1| function |
        |grp_swap_fu_2376  |swap   |    0|    0|    1|    1| function |
        |grp_swap_fu_2384  |swap   |    0|    0|    1|    1| function |
        |grp_swap_fu_2392  |swap   |    0|    0|    1|    1| function |
        |grp_swap_fu_2400  |swap   |    0|    0|    1|    1| function |
        +------------------+-------+-----+-----+-----+-----+----------+

        * Loop: 
        N/A



================================================================
== Utilization Estimates
================================================================
* Summary: 
+-----------------+---------+-------+--------+--------+
|       Name      | BRAM_18K| DSP48E|   FF   |   LUT  |
+-----------------+---------+-------+--------+--------+
|DSP              |        -|      -|       -|       -|
|Expression       |        -|      -|       0|    1014|
|FIFO             |        -|      -|       -|       -|
|Instance         |        -|      -|       -|       -|
|Memory           |        -|      -|       -|       -|
|Multiplexer      |        -|      -|       -|    2823|
|Register         |        -|      -|    1183|       -|
+-----------------+---------+-------+--------+--------+
|Total            |        0|      0|    1183|    3837|
+-----------------+---------+-------+--------+--------+
|Available        |     2940|   3600|  866400|  433200|
+-----------------+---------+-------+--------+--------+
|Utilization (%)  |        0|      0|   ~0   |   ~0   |
+-----------------+---------+-------+--------+--------+

+ Detail: 
    * Instance: 
    +------------------+-------+---------+-------+---+----+
    |     Instance     | Module| BRAM_18K| DSP48E| FF| LUT|
    +------------------+-------+---------+-------+---+----+
    |grp_swap_fu_2192  |swap   |        0|      0|  0|   0|
    |grp_swap_fu_2200  |swap   |        0|      0|  0|   0|
    |grp_swap_fu_2208  |swap   |        0|      0|  0|   0|
    |grp_swap_fu_2216  |swap   |        0|      0|  0|   0|
    |grp_swap_fu_2224  |swap   |        0|      0|  0|   0|
    |grp_swap_fu_2232  |swap   |        0|      0|  0|   0|
    |grp_swap_fu_2240  |swap   |        0|      0|  0|   0|
    |grp_swap_fu_2248  |swap   |        0|      0|  0|   0|
    |grp_swap_fu_2256  |swap   |        0|      0|  0|   0|
    |grp_swap_fu_2264  |swap   |        0|      0|  0|   0|
    |grp_swap_fu_2272  |swap   |        0|      0|  0|   0|
    |grp_swap_fu_2280  |swap   |        0|      0|  0|   0|
    |grp_swap_fu_2288  |swap   |        0|      0|  0|   0|
    |grp_swap_fu_2296  |swap   |        0|      0|  0|   0|
    |grp_swap_fu_2304  |swap   |        0|      0|  0|   0|
    |grp_swap_fu_2312  |swap   |        0|      0|  0|   0|
    |grp_swap_fu_2320  |swap   |        0|      0|  0|   0|
    |grp_swap_fu_2328  |swap   |        0|      0|  0|   0|
    |grp_swap_fu_2336  |swap   |        0|      0|  0|   0|
    |grp_swap_fu_2344  |swap   |        0|      0|  0|   0|
    |grp_swap_fu_2352  |swap   |        0|      0|  0|   0|
    |grp_swap_fu_2360  |swap   |        0|      0|  0|   0|
    |grp_swap_fu_2368  |swap   |        0|      0|  0|   0|
    |grp_swap_fu_2376  |swap   |        0|      0|  0|   0|
    |grp_swap_fu_2384  |swap   |        0|      0|  0|   0|
    |grp_swap_fu_2392  |swap   |        0|      0|  0|   0|
    |grp_swap_fu_2400  |swap   |        0|      0|  0|   0|
    +------------------+-------+---------+-------+---+----+
    |Total             |       |        0|      0|  0|   0|
    +------------------+-------+---------+-------+---+----+

    * DSP48: 
    N/A

    * Memory: 
    N/A

    * FIFO: 
    N/A

    * Expression: 
    +--------------------------+----------+-------+---+----+------------+------------+
    |       Variable Name      | Operation| DSP48E| FF| LUT| Bitwidth P0| Bitwidth P1|
    +--------------------------+----------+-------+---+----+------------+------------+
    |tmp_14_0_0_1_fu_3066_p2   |   icmp   |      0|  0|  13|          10|          10|
    |tmp_14_10_0_1_fu_3186_p2  |   icmp   |      0|  0|  13|          10|          10|
    |tmp_14_10_fu_3192_p2      |   icmp   |      0|  0|  13|          10|          10|
    |tmp_14_11_0_1_fu_3198_p2  |   icmp   |      0|  0|  13|          10|          10|
    |tmp_14_11_fu_3204_p2      |   icmp   |      0|  0|  13|          10|          10|
    |tmp_14_12_0_1_fu_3210_p2  |   icmp   |      0|  0|  13|          10|          10|
    |tmp_14_12_fu_3216_p2      |   icmp   |      0|  0|  13|          10|          10|
    |tmp_14_13_0_1_fu_3222_p2  |   icmp   |      0|  0|  13|          10|          10|
    |tmp_14_13_fu_3228_p2      |   icmp   |      0|  0|  13|          10|          10|
    |tmp_14_14_0_1_fu_3234_p2  |   icmp   |      0|  0|  13|          10|          10|
    |tmp_14_14_fu_3240_p2      |   icmp   |      0|  0|  13|          10|          10|
    |tmp_14_15_0_1_fu_3246_p2  |   icmp   |      0|  0|  13|          10|          10|
    |tmp_14_1_0_1_fu_3078_p2   |   icmp   |      0|  0|  13|          10|          10|
    |tmp_14_1_fu_3072_p2       |   icmp   |      0|  0|  13|          10|          10|
    |tmp_14_2_0_1_fu_3090_p2   |   icmp   |      0|  0|  13|          10|          10|
    |tmp_14_2_fu_3084_p2       |   icmp   |      0|  0|  13|          10|          10|
    |tmp_14_3_0_1_fu_3102_p2   |   icmp   |      0|  0|  13|          10|          10|
    |tmp_14_3_fu_3096_p2       |   icmp   |      0|  0|  13|          10|          10|
    |tmp_14_4_0_1_fu_3114_p2   |   icmp   |      0|  0|  13|          10|          10|
    |tmp_14_4_fu_3108_p2       |   icmp   |      0|  0|  13|          10|          10|
    |tmp_14_5_0_1_fu_3126_p2   |   icmp   |      0|  0|  13|          10|          10|
    |tmp_14_5_fu_3120_p2       |   icmp   |      0|  0|  13|          10|          10|
    |tmp_14_6_0_1_fu_3138_p2   |   icmp   |      0|  0|  13|          10|          10|
    |tmp_14_6_fu_3132_p2       |   icmp   |      0|  0|  13|          10|          10|
    |tmp_14_7_0_1_fu_3150_p2   |   icmp   |      0|  0|  13|          10|          10|
    |tmp_14_7_fu_3144_p2       |   icmp   |      0|  0|  13|          10|          10|
    |tmp_14_8_0_1_fu_3162_p2   |   icmp   |      0|  0|  13|          10|          10|
    |tmp_14_8_fu_3156_p2       |   icmp   |      0|  0|  13|          10|          10|
    |tmp_14_9_0_1_fu_3174_p2   |   icmp   |      0|  0|  13|          10|          10|
    |tmp_14_9_fu_3168_p2       |   icmp   |      0|  0|  13|          10|          10|
    |tmp_14_s_fu_3180_p2       |   icmp   |      0|  0|  13|          10|          10|
    |tmp_1_fu_3060_p2          |   icmp   |      0|  0|  13|          10|          10|
    |tmp_20_10_fu_3318_p2      |   icmp   |      0|  0|  13|          10|          10|
    |tmp_20_11_fu_3324_p2      |   icmp   |      0|  0|  13|          10|          10|
    |tmp_20_12_fu_3330_p2      |   icmp   |      0|  0|  13|          10|          10|
    |tmp_20_13_fu_3336_p2      |   icmp   |      0|  0|  13|          10|          10|
    |tmp_20_14_fu_3342_p2      |   icmp   |      0|  0|  13|          10|          10|
    |tmp_20_1_fu_3258_p2       |   icmp   |      0|  0|  13|          10|          10|
    |tmp_20_2_fu_3264_p2       |   icmp   |      0|  0|  13|          10|          10|
    |tmp_20_3_fu_3270_p2       |   icmp   |      0|  0|  13|          10|          10|
    |tmp_20_4_fu_3276_p2       |   icmp   |      0|  0|  13|          10|          10|
    |tmp_20_5_fu_3282_p2       |   icmp   |      0|  0|  13|          10|          10|
    |tmp_20_6_fu_3288_p2       |   icmp   |      0|  0|  13|          10|          10|
    |tmp_20_7_fu_3294_p2       |   icmp   |      0|  0|  13|          10|          10|
    |tmp_20_8_fu_3300_p2       |   icmp   |      0|  0|  13|          10|          10|
    |tmp_20_9_fu_3306_p2       |   icmp   |      0|  0|  13|          10|          10|
    |tmp_20_s_fu_3312_p2       |   icmp   |      0|  0|  13|          10|          10|
    |tmp_6_10_fu_2952_p2       |   icmp   |      0|  0|  13|          10|          10|
    |tmp_6_11_fu_2958_p2       |   icmp   |      0|  0|  13|          10|          10|
    |tmp_6_12_fu_2964_p2       |   icmp   |      0|  0|  13|          10|          10|
    |tmp_6_13_fu_2970_p2       |   icmp   |      0|  0|  13|          10|          10|
    |tmp_6_14_fu_2976_p2       |   icmp   |      0|  0|  13|          10|          10|
    |tmp_6_15_fu_2982_p2       |   icmp   |      0|  0|  13|          10|          10|
    |tmp_6_16_fu_2988_p2       |   icmp   |      0|  0|  13|          10|          10|
    |tmp_6_17_fu_2994_p2       |   icmp   |      0|  0|  13|          10|          10|
    |tmp_6_18_fu_3000_p2       |   icmp   |      0|  0|  13|          10|          10|
    |tmp_6_19_fu_3006_p2       |   icmp   |      0|  0|  13|          10|          10|
    |tmp_6_1_fu_2922_p2        |   icmp   |      0|  0|  13|          10|          10|
    |tmp_6_20_fu_3012_p2       |   icmp   |      0|  0|  13|          10|          10|
    |tmp_6_21_fu_3018_p2       |   icmp   |      0|  0|  13|          10|          10|
    |tmp_6_22_fu_3024_p2       |   icmp   |      0|  0|  13|          10|          10|
    |tmp_6_23_fu_3030_p2       |   icmp   |      0|  0|  13|          10|          10|
    |tmp_6_24_fu_3036_p2       |   icmp   |      0|  0|  13|          10|          10|
    |tmp_6_25_fu_3042_p2       |   icmp   |      0|  0|  13|          10|          10|
    |tmp_6_26_fu_3048_p2       |   icmp   |      0|  0|  13|          10|          10|
    |tmp_6_27_fu_3052_p2       |   icmp   |      0|  0|  13|          10|          10|
    |tmp_6_28_fu_3056_p2       |   icmp   |      0|  0|  13|          10|          10|
    |tmp_6_2_fu_2892_p2        |   icmp   |      0|  0|  13|          10|          10|
    |tmp_6_3_fu_2928_p2        |   icmp   |      0|  0|  13|          10|          10|
    |tmp_6_4_fu_2898_p2        |   icmp   |      0|  0|  13|          10|          10|
    |tmp_6_5_fu_2934_p2        |   icmp   |      0|  0|  13|          10|          10|
    |tmp_6_6_fu_2904_p2        |   icmp   |      0|  0|  13|          10|          10|
    |tmp_6_7_fu_2940_p2        |   icmp   |      0|  0|  13|          10|          10|
    |tmp_6_8_fu_2910_p2        |   icmp   |      0|  0|  13|          10|          10|
    |tmp_6_9_fu_2946_p2        |   icmp   |      0|  0|  13|          10|          10|
    |tmp_6_fu_2886_p2          |   icmp   |      0|  0|  13|          10|          10|
    |tmp_6_s_fu_2916_p2        |   icmp   |      0|  0|  13|          10|          10|
    |tmp_s_fu_3252_p2          |   icmp   |      0|  0|  13|          10|          10|
    +--------------------------+----------+-------+---+----+------------+------------+
    |Total                     |          |      0|  0|1014|         780|         780|
    +--------------------------+----------+-------+---+----+------------+------------+

    * Multiplexer: 
    +-------------------------------------------------+----+-----------+-----+-----------+
    |                       Name                      | LUT| Input Size| Bits| Total Bits|
    +-------------------------------------------------+----+-----------+-----+-----------+
    |ap_NS_fsm                                        |  21|          4|    1|          4|
    |ap_phi_mux_array_objects_V10_2_phi_fu_1925_p4    |  15|          3|   10|         30|
    |ap_phi_mux_array_objects_V12_2_phi_fu_1875_p4    |  15|          3|   10|         30|
    |ap_phi_mux_array_objects_V1316_2_phi_fu_1935_p4  |  15|          3|   10|         30|
    |ap_phi_mux_array_objects_V14_2_phi_fu_1945_p4    |  15|          3|   10|         30|
    |ap_phi_mux_array_objects_V17_2_phi_fu_1955_p4    |  15|          3|   10|         30|
    |ap_phi_mux_array_objects_V18_2_phi_fu_1965_p4    |  15|          3|   10|         30|
    |ap_phi_mux_array_objects_V21_2_phi_fu_1975_p4    |  15|          3|   10|         30|
    |ap_phi_mux_array_objects_V22_2_phi_fu_1985_p4    |  15|          3|   10|         30|
    |ap_phi_mux_array_objects_V25_2_phi_fu_1995_p4    |  15|          3|   10|         30|
    |ap_phi_mux_array_objects_V26_2_phi_fu_2005_p4    |  15|          3|   10|         30|
    |ap_phi_mux_array_objects_V29_2_phi_fu_2015_p4    |  15|          3|   10|         30|
    |ap_phi_mux_array_objects_V2_2_phi_fu_1885_p4     |  15|          3|   10|         30|
    |ap_phi_mux_array_objects_V30_2_phi_fu_2025_p4    |  15|          3|   10|         30|
    |ap_phi_mux_array_objects_V33_2_phi_fu_2035_p4    |  15|          3|   10|         30|
    |ap_phi_mux_array_objects_V34_2_phi_fu_2045_p4    |  15|          3|   10|         30|
    |ap_phi_mux_array_objects_V37_2_phi_fu_2055_p4    |  15|          3|   10|         30|
    |ap_phi_mux_array_objects_V38_2_phi_fu_2065_p4    |  15|          3|   10|         30|
    |ap_phi_mux_array_objects_V41_2_phi_fu_2075_p4    |  15|          3|   10|         30|
    |ap_phi_mux_array_objects_V42_2_phi_fu_2085_p4    |  15|          3|   10|         30|
    |ap_phi_mux_array_objects_V45_2_phi_fu_2095_p4    |  15|          3|   10|         30|
    |ap_phi_mux_array_objects_V4652_2_phi_fu_2105_p4  |  15|          3|   10|         30|
    |ap_phi_mux_array_objects_V48_1_phi_fu_1715_p4    |  15|          3|   10|         30|
    |ap_phi_mux_array_objects_V49_1_phi_fu_1735_p4    |  15|          3|   10|         30|
    |ap_phi_mux_array_objects_V49_2_phi_fu_2115_p4    |  15|          3|   10|         30|
    |ap_phi_mux_array_objects_V50_1_phi_fu_1725_p4    |  15|          3|   10|         30|
    |ap_phi_mux_array_objects_V50_2_phi_fu_2125_p4    |  15|          3|   10|         30|
    |ap_phi_mux_array_objects_V51_1_phi_fu_1745_p4    |  15|          3|   10|         30|
    |ap_phi_mux_array_objects_V52_1_phi_fu_1755_p4    |  15|          3|   10|         30|
    |ap_phi_mux_array_objects_V53_1_phi_fu_1775_p4    |  15|          3|   10|         30|
    |ap_phi_mux_array_objects_V53_2_phi_fu_2135_p4    |  15|          3|   10|         30|
    |ap_phi_mux_array_objects_V54_1_phi_fu_1765_p4    |  15|          3|   10|         30|
    |ap_phi_mux_array_objects_V54_2_phi_fu_2145_p4    |  15|          3|   10|         30|
    |ap_phi_mux_array_objects_V55_1_phi_fu_1785_p4    |  15|          3|   10|         30|
    |ap_phi_mux_array_objects_V56_1_phi_fu_1795_p4    |  15|          3|   10|         30|
    |ap_phi_mux_array_objects_V5764_1_phi_fu_1815_p4  |  15|          3|   10|         30|
    |ap_phi_mux_array_objects_V5764_2_phi_fu_2155_p4  |  15|          3|   10|         30|
    |ap_phi_mux_array_objects_V58_1_phi_fu_1805_p4    |  15|          3|   10|         30|
    |ap_phi_mux_array_objects_V58_2_phi_fu_2165_p4    |  15|          3|   10|         30|
    |ap_phi_mux_array_objects_V59_1_phi_fu_1825_p4    |  15|          3|   10|         30|
    |ap_phi_mux_array_objects_V5_2_phi_fu_1895_p4     |  15|          3|   10|         30|
    |ap_phi_mux_array_objects_V60_1_phi_fu_1835_p4    |  15|          3|   10|         30|
    |ap_phi_mux_array_objects_V61_1_phi_fu_1855_p4    |  15|          3|   10|         30|
    |ap_phi_mux_array_objects_V61_2_phi_fu_2175_p4    |  15|          3|   10|         30|
    |ap_phi_mux_array_objects_V62_1_phi_fu_1845_p4    |  15|          3|   10|         30|
    |ap_phi_mux_array_objects_V62_2_phi_fu_2185_p4    |  15|          3|   10|         30|
    |ap_phi_mux_array_objects_V63_1_phi_fu_1865_p4    |  15|          3|   10|         30|
    |ap_phi_mux_array_objects_V6_2_phi_fu_1905_p4     |  15|          3|   10|         30|
    |ap_phi_mux_array_objects_V9_2_phi_fu_1915_p4     |  15|          3|   10|         30|
    |array_objects_V10_1_reg_1285                     |   9|          2|   10|         20|
    |array_objects_V10_reg_600                        |   9|          2|   10|         20|
    |array_objects_V11_1_reg_1307                     |   9|          2|   10|         20|
    |array_objects_V11_reg_611                        |   9|          2|   10|         20|
    |array_objects_V1214_1_reg_1318                   |   9|          2|   10|         20|
    |array_objects_V12_1_reg_1208                     |   9|          2|   10|         20|
    |array_objects_V12_reg_622                        |   9|          2|   10|         20|
    |array_objects_V1316_1_reg_1340                   |   9|          2|   10|         20|
    |array_objects_V13_reg_633                        |   9|          2|   10|         20|
    |array_objects_V14_1_reg_1329                     |   9|          2|   10|         20|
    |array_objects_V14_reg_644                        |   9|          2|   10|         20|
    |array_objects_V15_1_reg_1351                     |   9|          2|   10|         20|
    |array_objects_V15_reg_655                        |   9|          2|   10|         20|
    |array_objects_V16_1_reg_1362                     |   9|          2|   10|         20|
    |array_objects_V16_reg_666                        |   9|          2|   10|         20|
    |array_objects_V17_1_reg_1384                     |   9|          2|   10|         20|
    |array_objects_V17_reg_677                        |   9|          2|   10|         20|
    |array_objects_V18_1_reg_1373                     |   9|          2|   10|         20|
    |array_objects_V18_reg_688                        |   9|          2|   10|         20|
    |array_objects_V19_1_reg_1395                     |   9|          2|   10|         20|
    |array_objects_V19_reg_699                        |   9|          2|   10|         20|
    |array_objects_V1_reg_501                         |   9|          2|   10|         20|
    |array_objects_V20_1_reg_1406                     |   9|          2|   10|         20|
    |array_objects_V20_reg_710                        |   9|          2|   10|         20|
    |array_objects_V21_1_reg_1428                     |   9|          2|   10|         20|
    |array_objects_V21_reg_721                        |   9|          2|   10|         20|
    |array_objects_V22_1_reg_1417                     |   9|          2|   10|         20|
    |array_objects_V22_reg_732                        |   9|          2|   10|         20|
    |array_objects_V23_1_reg_1439                     |   9|          2|   10|         20|
    |array_objects_V23_reg_743                        |   9|          2|   10|         20|
    |array_objects_V2428_1_reg_1450                   |   9|          2|   10|         20|
    |array_objects_V24_reg_754                        |   9|          2|   10|         20|
    |array_objects_V25_1_reg_1472                     |   9|          2|   10|         20|
    |array_objects_V25_reg_765                        |   9|          2|   10|         20|
    |array_objects_V26_1_reg_1461                     |   9|          2|   10|         20|
    |array_objects_V26_reg_776                        |   9|          2|   10|         20|
    |array_objects_V27_1_reg_1483                     |   9|          2|   10|         20|
    |array_objects_V27_reg_787                        |   9|          2|   10|         20|
    |array_objects_V28_1_reg_1494                     |   9|          2|   10|         20|
    |array_objects_V28_reg_798                        |   9|          2|   10|         20|
    |array_objects_V29_1_reg_1516                     |   9|          2|   10|         20|
    |array_objects_V29_reg_809                        |   9|          2|   10|         20|
    |array_objects_V2_1_reg_1197                      |   9|          2|   10|         20|
    |array_objects_V2_reg_512                         |   9|          2|   10|         20|
    |array_objects_V30_1_reg_1505                     |   9|          2|   10|         20|
    |array_objects_V30_reg_820                        |   9|          2|   10|         20|
    |array_objects_V31_1_reg_1527                     |   9|          2|   10|         20|
    |array_objects_V31_reg_831                        |   9|          2|   10|         20|
    |array_objects_V32_1_reg_1538                     |   9|          2|   10|         20|
    |array_objects_V32_reg_842                        |   9|          2|   10|         20|
    |array_objects_V33_1_reg_1560                     |   9|          2|   10|         20|
    |array_objects_V33_reg_853                        |   9|          2|   10|         20|
    |array_objects_V34_1_reg_1549                     |   9|          2|   10|         20|
    |array_objects_V34_reg_864                        |   9|          2|   10|         20|
    |array_objects_V3540_1_reg_1571                   |   9|          2|   10|         20|
    |array_objects_V35_reg_875                        |   9|          2|   10|         20|
    |array_objects_V36_1_reg_1582                     |   9|          2|   10|         20|
    |array_objects_V36_reg_886                        |   9|          2|   10|         20|
    |array_objects_V37_1_reg_1604                     |   9|          2|   10|         20|
    |array_objects_V37_reg_897                        |   9|          2|   10|         20|
    |array_objects_V38_1_reg_1593                     |   9|          2|   10|         20|
    |array_objects_V38_reg_908                        |   9|          2|   10|         20|
    |array_objects_V39_1_reg_1615                     |   9|          2|   10|         20|
    |array_objects_V39_reg_919                        |   9|          2|   10|         20|
    |array_objects_V3_1_reg_1219                      |   9|          2|   10|         20|
    |array_objects_V3_reg_523                         |   9|          2|   10|         20|
    |array_objects_V40_1_reg_1626                     |   9|          2|   10|         20|
    |array_objects_V40_reg_930                        |   9|          2|   10|         20|
    |array_objects_V41_1_reg_1648                     |   9|          2|   10|         20|
    |array_objects_V41_reg_941                        |   9|          2|   10|         20|
    |array_objects_V42_1_reg_1637                     |   9|          2|   10|         20|
    |array_objects_V42_reg_952                        |   9|          2|   10|         20|
    |array_objects_V43_1_reg_1659                     |   9|          2|   10|         20|
    |array_objects_V43_reg_963                        |   9|          2|   10|         20|
    |array_objects_V44_1_reg_1670                     |   9|          2|   10|         20|
    |array_objects_V44_reg_974                        |   9|          2|   10|         20|
    |array_objects_V45_1_reg_1692                     |   9|          2|   10|         20|
    |array_objects_V45_reg_985                        |   9|          2|   10|         20|
    |array_objects_V4652_1_reg_1681                   |   9|          2|   10|         20|
    |array_objects_V46_reg_996                        |   9|          2|   10|         20|
    |array_objects_V47_1_reg_1702                     |   9|          2|   10|         20|
    |array_objects_V47_reg_1007                       |   9|          2|   10|         20|
    |array_objects_V48_reg_1018                       |   9|          2|   10|         20|
    |array_objects_V49_reg_1029                       |   9|          2|   10|         20|
    |array_objects_V4_1_reg_1230                      |   9|          2|   10|         20|
    |array_objects_V4_reg_534                         |   9|          2|   10|         20|
    |array_objects_V50_reg_1040                       |   9|          2|   10|         20|
    |array_objects_V51_reg_1051                       |   9|          2|   10|         20|
    |array_objects_V52_reg_1062                       |   9|          2|   10|         20|
    |array_objects_V53_reg_1072                       |   9|          2|   10|         20|
    |array_objects_V54_reg_1082                       |   9|          2|   10|         20|
    |array_objects_V55_reg_1092                       |   9|          2|   10|         20|
    |array_objects_V56_reg_1102                       |   9|          2|   10|         20|
    |array_objects_V57_reg_1112                       |   9|          2|   10|         20|
    |array_objects_V58_reg_1122                       |   9|          2|   10|         20|
    |array_objects_V59_reg_1132                       |   9|          2|   10|         20|
    |array_objects_V5_1_reg_1252                      |   9|          2|   10|         20|
    |array_objects_V5_reg_545                         |   9|          2|   10|         20|
    |array_objects_V6_1_reg_1241                      |   9|          2|   10|         20|
    |array_objects_V6_reg_556                         |   9|          2|   10|         20|
    |array_objects_V7_1_reg_1263                      |   9|          2|   10|         20|
    |array_objects_V7_reg_567                         |   9|          2|   10|         20|
    |array_objects_V8_1_reg_1274                      |   9|          2|   10|         20|
    |array_objects_V8_reg_578                         |   9|          2|   10|         20|
    |array_objects_V9_1_reg_1296                      |   9|          2|   10|         20|
    |array_objects_V9_reg_589                         |   9|          2|   10|         20|
    |array_objects_V_1_reg_1186                       |   9|          2|   10|         20|
    |array_objects_V_reg_490                          |   9|          2|   10|         20|
    |grp_swap_fu_2192_x_V_read                        |  27|          5|   10|         50|
    |grp_swap_fu_2192_y_V_read                        |  27|          5|   10|         50|
    |grp_swap_fu_2200_x_V_read                        |  21|          4|   10|         40|
    |grp_swap_fu_2200_y_V_read                        |  21|          4|   10|         40|
    |grp_swap_fu_2208_x_V_read                        |  21|          4|   10|         40|
    |grp_swap_fu_2208_y_V_read                        |  21|          4|   10|         40|
    |grp_swap_fu_2216_x_V_read                        |  21|          4|   10|         40|
    |grp_swap_fu_2216_y_V_read                        |  21|          4|   10|         40|
    |grp_swap_fu_2224_x_V_read                        |  21|          4|   10|         40|
    |grp_swap_fu_2224_y_V_read                        |  21|          4|   10|         40|
    |grp_swap_fu_2232_x_V_read                        |  21|          4|   10|         40|
    |grp_swap_fu_2232_y_V_read                        |  21|          4|   10|         40|
    |grp_swap_fu_2240_x_V_read                        |  21|          4|   10|         40|
    |grp_swap_fu_2240_y_V_read                        |  21|          4|   10|         40|
    |grp_swap_fu_2248_x_V_read                        |  21|          4|   10|         40|
    |grp_swap_fu_2248_y_V_read                        |  21|          4|   10|         40|
    |grp_swap_fu_2256_x_V_read                        |  21|          4|   10|         40|
    |grp_swap_fu_2256_y_V_read                        |  21|          4|   10|         40|
    |grp_swap_fu_2264_x_V_read                        |  21|          4|   10|         40|
    |grp_swap_fu_2264_y_V_read                        |  21|          4|   10|         40|
    |grp_swap_fu_2272_x_V_read                        |  21|          4|   10|         40|
    |grp_swap_fu_2272_y_V_read                        |  21|          4|   10|         40|
    |grp_swap_fu_2280_x_V_read                        |  21|          4|   10|         40|
    |grp_swap_fu_2280_y_V_read                        |  21|          4|   10|         40|
    |grp_swap_fu_2288_x_V_read                        |  21|          4|   10|         40|
    |grp_swap_fu_2288_y_V_read                        |  21|          4|   10|         40|
    |grp_swap_fu_2296_x_V_read                        |  21|          4|   10|         40|
    |grp_swap_fu_2296_y_V_read                        |  21|          4|   10|         40|
    |grp_swap_fu_2304_x_V_read                        |  21|          4|   10|         40|
    |grp_swap_fu_2304_y_V_read                        |  21|          4|   10|         40|
    |grp_swap_fu_2312_x_V_read                        |  21|          4|   10|         40|
    |grp_swap_fu_2312_y_V_read                        |  21|          4|   10|         40|
    |grp_swap_fu_2320_x_V_read                        |  21|          4|   10|         40|
    |grp_swap_fu_2320_y_V_read                        |  21|          4|   10|         40|
    |grp_swap_fu_2328_x_V_read                        |  21|          4|   10|         40|
    |grp_swap_fu_2328_y_V_read                        |  21|          4|   10|         40|
    |grp_swap_fu_2336_x_V_read                        |  21|          4|   10|         40|
    |grp_swap_fu_2336_y_V_read                        |  21|          4|   10|         40|
    |grp_swap_fu_2344_x_V_read                        |  21|          4|   10|         40|
    |grp_swap_fu_2344_y_V_read                        |  21|          4|   10|         40|
    |grp_swap_fu_2352_x_V_read                        |  21|          4|   10|         40|
    |grp_swap_fu_2352_y_V_read                        |  21|          4|   10|         40|
    |grp_swap_fu_2360_x_V_read                        |  21|          4|   10|         40|
    |grp_swap_fu_2360_y_V_read                        |  21|          4|   10|         40|
    |grp_swap_fu_2368_x_V_read                        |  21|          4|   10|         40|
    |grp_swap_fu_2368_y_V_read                        |  21|          4|   10|         40|
    |grp_swap_fu_2376_x_V_read                        |  21|          4|   10|         40|
    |grp_swap_fu_2376_y_V_read                        |  21|          4|   10|         40|
    |grp_swap_fu_2384_x_V_read                        |  15|          3|   10|         30|
    |grp_swap_fu_2384_y_V_read                        |  15|          3|   10|         30|
    |grp_swap_fu_2392_x_V_read                        |  15|          3|   10|         30|
    |grp_swap_fu_2392_y_V_read                        |  15|          3|   10|         30|
    |grp_swap_fu_2400_x_V_read                        |  15|          3|   10|         30|
    |grp_swap_fu_2400_y_V_read                        |  15|          3|   10|         30|
    +-------------------------------------------------+----+-----------+-----+-----------+
    |Total                                            |2823|        576| 2101|       5724|
    +-------------------------------------------------+----+-----------+-----+-----------+

    * Register: 
    +--------------------------------+----+----+-----+-----------+
    |              Name              | FF | LUT| Bits| Const Bits|
    +--------------------------------+----+----+-----+-----------+
    |ap_CS_fsm                       |   3|   0|    3|          0|
    |array_objects_54_V_1_reg_3767   |  10|   0|   10|          0|
    |array_objects_55_V_1_reg_3760   |  10|   0|   10|          0|
    |array_objects_56_V_1_reg_3753   |  10|   0|   10|          0|
    |array_objects_57_V_1_reg_3746   |  10|   0|   10|          0|
    |array_objects_58_V_1_reg_3739   |  10|   0|   10|          0|
    |array_objects_59_V_1_reg_3732   |  10|   0|   10|          0|
    |array_objects_V10_1_reg_1285    |  10|   0|   10|          0|
    |array_objects_V10_reg_600       |  10|   0|   10|          0|
    |array_objects_V11_1_reg_1307    |  10|   0|   10|          0|
    |array_objects_V11_reg_611       |  10|   0|   10|          0|
    |array_objects_V1214_1_reg_1318  |  10|   0|   10|          0|
    |array_objects_V12_1_reg_1208    |  10|   0|   10|          0|
    |array_objects_V12_reg_622       |  10|   0|   10|          0|
    |array_objects_V1316_1_reg_1340  |  10|   0|   10|          0|
    |array_objects_V13_reg_633       |  10|   0|   10|          0|
    |array_objects_V14_1_reg_1329    |  10|   0|   10|          0|
    |array_objects_V14_reg_644       |  10|   0|   10|          0|
    |array_objects_V15_1_reg_1351    |  10|   0|   10|          0|
    |array_objects_V15_reg_655       |  10|   0|   10|          0|
    |array_objects_V16_1_reg_1362    |  10|   0|   10|          0|
    |array_objects_V16_reg_666       |  10|   0|   10|          0|
    |array_objects_V17_1_reg_1384    |  10|   0|   10|          0|
    |array_objects_V17_reg_677       |  10|   0|   10|          0|
    |array_objects_V18_1_reg_1373    |  10|   0|   10|          0|
    |array_objects_V18_reg_688       |  10|   0|   10|          0|
    |array_objects_V19_1_reg_1395    |  10|   0|   10|          0|
    |array_objects_V19_reg_699       |  10|   0|   10|          0|
    |array_objects_V1_reg_501        |  10|   0|   10|          0|
    |array_objects_V20_1_reg_1406    |  10|   0|   10|          0|
    |array_objects_V20_reg_710       |  10|   0|   10|          0|
    |array_objects_V21_1_reg_1428    |  10|   0|   10|          0|
    |array_objects_V21_reg_721       |  10|   0|   10|          0|
    |array_objects_V22_1_reg_1417    |  10|   0|   10|          0|
    |array_objects_V22_reg_732       |  10|   0|   10|          0|
    |array_objects_V23_1_reg_1439    |  10|   0|   10|          0|
    |array_objects_V23_reg_743       |  10|   0|   10|          0|
    |array_objects_V2428_1_reg_1450  |  10|   0|   10|          0|
    |array_objects_V24_reg_754       |  10|   0|   10|          0|
    |array_objects_V25_1_reg_1472    |  10|   0|   10|          0|
    |array_objects_V25_reg_765       |  10|   0|   10|          0|
    |array_objects_V26_1_reg_1461    |  10|   0|   10|          0|
    |array_objects_V26_reg_776       |  10|   0|   10|          0|
    |array_objects_V27_1_reg_1483    |  10|   0|   10|          0|
    |array_objects_V27_reg_787       |  10|   0|   10|          0|
    |array_objects_V28_1_reg_1494    |  10|   0|   10|          0|
    |array_objects_V28_reg_798       |  10|   0|   10|          0|
    |array_objects_V29_1_reg_1516    |  10|   0|   10|          0|
    |array_objects_V29_reg_809       |  10|   0|   10|          0|
    |array_objects_V2_1_reg_1197     |  10|   0|   10|          0|
    |array_objects_V2_reg_512        |  10|   0|   10|          0|
    |array_objects_V30_1_reg_1505    |  10|   0|   10|          0|
    |array_objects_V30_reg_820       |  10|   0|   10|          0|
    |array_objects_V31_1_reg_1527    |  10|   0|   10|          0|
    |array_objects_V31_reg_831       |  10|   0|   10|          0|
    |array_objects_V32_1_reg_1538    |  10|   0|   10|          0|
    |array_objects_V32_reg_842       |  10|   0|   10|          0|
    |array_objects_V33_1_reg_1560    |  10|   0|   10|          0|
    |array_objects_V33_reg_853       |  10|   0|   10|          0|
    |array_objects_V34_1_reg_1549    |  10|   0|   10|          0|
    |array_objects_V34_reg_864       |  10|   0|   10|          0|
    |array_objects_V3540_1_reg_1571  |  10|   0|   10|          0|
    |array_objects_V35_reg_875       |  10|   0|   10|          0|
    |array_objects_V36_1_reg_1582    |  10|   0|   10|          0|
    |array_objects_V36_reg_886       |  10|   0|   10|          0|
    |array_objects_V37_1_reg_1604    |  10|   0|   10|          0|
    |array_objects_V37_reg_897       |  10|   0|   10|          0|
    |array_objects_V38_1_reg_1593    |  10|   0|   10|          0|
    |array_objects_V38_reg_908       |  10|   0|   10|          0|
    |array_objects_V39_1_reg_1615    |  10|   0|   10|          0|
    |array_objects_V39_reg_919       |  10|   0|   10|          0|
    |array_objects_V3_1_reg_1219     |  10|   0|   10|          0|
    |array_objects_V3_reg_523        |  10|   0|   10|          0|
    |array_objects_V40_1_reg_1626    |  10|   0|   10|          0|
    |array_objects_V40_reg_930       |  10|   0|   10|          0|
    |array_objects_V41_1_reg_1648    |  10|   0|   10|          0|
    |array_objects_V41_reg_941       |  10|   0|   10|          0|
    |array_objects_V42_1_reg_1637    |  10|   0|   10|          0|
    |array_objects_V42_reg_952       |  10|   0|   10|          0|
    |array_objects_V43_1_reg_1659    |  10|   0|   10|          0|
    |array_objects_V43_reg_963       |  10|   0|   10|          0|
    |array_objects_V44_1_reg_1670    |  10|   0|   10|          0|
    |array_objects_V44_reg_974       |  10|   0|   10|          0|
    |array_objects_V45_1_reg_1692    |  10|   0|   10|          0|
    |array_objects_V45_reg_985       |  10|   0|   10|          0|
    |array_objects_V4652_1_reg_1681  |  10|   0|   10|          0|
    |array_objects_V46_reg_996       |  10|   0|   10|          0|
    |array_objects_V47_1_reg_1702    |  10|   0|   10|          0|
    |array_objects_V47_reg_1007      |  10|   0|   10|          0|
    |array_objects_V48_reg_1018      |  10|   0|   10|          0|
    |array_objects_V49_reg_1029      |  10|   0|   10|          0|
    |array_objects_V4_1_reg_1230     |  10|   0|   10|          0|
    |array_objects_V4_reg_534        |  10|   0|   10|          0|
    |array_objects_V50_reg_1040      |  10|   0|   10|          0|
    |array_objects_V51_reg_1051      |  10|   0|   10|          0|
    |array_objects_V52_reg_1062      |  10|   0|   10|          0|
    |array_objects_V53_reg_1072      |  10|   0|   10|          0|
    |array_objects_V54_reg_1082      |  10|   0|   10|          0|
    |array_objects_V55_reg_1092      |  10|   0|   10|          0|
    |array_objects_V56_reg_1102      |  10|   0|   10|          0|
    |array_objects_V57_reg_1112      |  10|   0|   10|          0|
    |array_objects_V58_reg_1122      |  10|   0|   10|          0|
    |array_objects_V59_reg_1132      |  10|   0|   10|          0|
    |array_objects_V5_1_reg_1252     |  10|   0|   10|          0|
    |array_objects_V5_reg_545        |  10|   0|   10|          0|
    |array_objects_V60_reg_1142      |  10|   0|   10|          0|
    |array_objects_V61_reg_1153      |  10|   0|   10|          0|
    |array_objects_V62_reg_1164      |  10|   0|   10|          0|
    |array_objects_V63_reg_1175      |  10|   0|   10|          0|
    |array_objects_V6_1_reg_1241     |  10|   0|   10|          0|
    |array_objects_V6_reg_556        |  10|   0|   10|          0|
    |array_objects_V7_1_reg_1263     |  10|   0|   10|          0|
    |array_objects_V7_reg_567        |  10|   0|   10|          0|
    |array_objects_V8_1_reg_1274     |  10|   0|   10|          0|
    |array_objects_V8_reg_578        |  10|   0|   10|          0|
    |array_objects_V9_1_reg_1296     |  10|   0|   10|          0|
    |array_objects_V9_reg_589        |  10|   0|   10|          0|
    |array_objects_V_1_reg_1186      |  10|   0|   10|          0|
    |array_objects_V_reg_490         |  10|   0|   10|          0|
    +--------------------------------+----+----+-----+-----------+
    |Total                           |1183|   0| 1183|          0|
    +--------------------------------+----+----+-----+-----------+



================================================================
== Interface
================================================================
* Summary: 
+----------------------+-----+-----+------------+----------------------+--------------+
|       RTL Ports      | Dir | Bits|  Protocol  |     Source Object    |    C Type    |
+----------------------+-----+-----+------------+----------------------+--------------+
|ap_clk                |  in |    1| ap_ctrl_hs |  even_odd_sort_4_256 | return value |
|ap_rst                |  in |    1| ap_ctrl_hs |  even_odd_sort_4_256 | return value |
|ap_start              |  in |    1| ap_ctrl_hs |  even_odd_sort_4_256 | return value |
|ap_done               | out |    1| ap_ctrl_hs |  even_odd_sort_4_256 | return value |
|ap_idle               | out |    1| ap_ctrl_hs |  even_odd_sort_4_256 | return value |
|ap_ready              | out |    1| ap_ctrl_hs |  even_odd_sort_4_256 | return value |
|ap_return_0           | out |   10| ap_ctrl_hs |  even_odd_sort_4_256 | return value |
|ap_return_1           | out |   10| ap_ctrl_hs |  even_odd_sort_4_256 | return value |
|ap_return_2           | out |   10| ap_ctrl_hs |  even_odd_sort_4_256 | return value |
|ap_return_3           | out |   10| ap_ctrl_hs |  even_odd_sort_4_256 | return value |
|ap_return_4           | out |   10| ap_ctrl_hs |  even_odd_sort_4_256 | return value |
|ap_return_5           | out |   10| ap_ctrl_hs |  even_odd_sort_4_256 | return value |
|ap_return_6           | out |   10| ap_ctrl_hs |  even_odd_sort_4_256 | return value |
|ap_return_7           | out |   10| ap_ctrl_hs |  even_odd_sort_4_256 | return value |
|ap_return_8           | out |   10| ap_ctrl_hs |  even_odd_sort_4_256 | return value |
|ap_return_9           | out |   10| ap_ctrl_hs |  even_odd_sort_4_256 | return value |
|ap_return_10          | out |   10| ap_ctrl_hs |  even_odd_sort_4_256 | return value |
|ap_return_11          | out |   10| ap_ctrl_hs |  even_odd_sort_4_256 | return value |
|ap_return_12          | out |   10| ap_ctrl_hs |  even_odd_sort_4_256 | return value |
|ap_return_13          | out |   10| ap_ctrl_hs |  even_odd_sort_4_256 | return value |
|ap_return_14          | out |   10| ap_ctrl_hs |  even_odd_sort_4_256 | return value |
|ap_return_15          | out |   10| ap_ctrl_hs |  even_odd_sort_4_256 | return value |
|ap_return_16          | out |   10| ap_ctrl_hs |  even_odd_sort_4_256 | return value |
|ap_return_17          | out |   10| ap_ctrl_hs |  even_odd_sort_4_256 | return value |
|ap_return_18          | out |   10| ap_ctrl_hs |  even_odd_sort_4_256 | return value |
|ap_return_19          | out |   10| ap_ctrl_hs |  even_odd_sort_4_256 | return value |
|ap_return_20          | out |   10| ap_ctrl_hs |  even_odd_sort_4_256 | return value |
|ap_return_21          | out |   10| ap_ctrl_hs |  even_odd_sort_4_256 | return value |
|ap_return_22          | out |   10| ap_ctrl_hs |  even_odd_sort_4_256 | return value |
|ap_return_23          | out |   10| ap_ctrl_hs |  even_odd_sort_4_256 | return value |
|ap_return_24          | out |   10| ap_ctrl_hs |  even_odd_sort_4_256 | return value |
|ap_return_25          | out |   10| ap_ctrl_hs |  even_odd_sort_4_256 | return value |
|ap_return_26          | out |   10| ap_ctrl_hs |  even_odd_sort_4_256 | return value |
|ap_return_27          | out |   10| ap_ctrl_hs |  even_odd_sort_4_256 | return value |
|ap_return_28          | out |   10| ap_ctrl_hs |  even_odd_sort_4_256 | return value |
|ap_return_29          | out |   10| ap_ctrl_hs |  even_odd_sort_4_256 | return value |
|ap_return_30          | out |   10| ap_ctrl_hs |  even_odd_sort_4_256 | return value |
|ap_return_31          | out |   10| ap_ctrl_hs |  even_odd_sort_4_256 | return value |
|ap_return_32          | out |   10| ap_ctrl_hs |  even_odd_sort_4_256 | return value |
|ap_return_33          | out |   10| ap_ctrl_hs |  even_odd_sort_4_256 | return value |
|ap_return_34          | out |   10| ap_ctrl_hs |  even_odd_sort_4_256 | return value |
|ap_return_35          | out |   10| ap_ctrl_hs |  even_odd_sort_4_256 | return value |
|ap_return_36          | out |   10| ap_ctrl_hs |  even_odd_sort_4_256 | return value |
|ap_return_37          | out |   10| ap_ctrl_hs |  even_odd_sort_4_256 | return value |
|ap_return_38          | out |   10| ap_ctrl_hs |  even_odd_sort_4_256 | return value |
|ap_return_39          | out |   10| ap_ctrl_hs |  even_odd_sort_4_256 | return value |
|ap_return_40          | out |   10| ap_ctrl_hs |  even_odd_sort_4_256 | return value |
|ap_return_41          | out |   10| ap_ctrl_hs |  even_odd_sort_4_256 | return value |
|ap_return_42          | out |   10| ap_ctrl_hs |  even_odd_sort_4_256 | return value |
|ap_return_43          | out |   10| ap_ctrl_hs |  even_odd_sort_4_256 | return value |
|ap_return_44          | out |   10| ap_ctrl_hs |  even_odd_sort_4_256 | return value |
|ap_return_45          | out |   10| ap_ctrl_hs |  even_odd_sort_4_256 | return value |
|ap_return_46          | out |   10| ap_ctrl_hs |  even_odd_sort_4_256 | return value |
|ap_return_47          | out |   10| ap_ctrl_hs |  even_odd_sort_4_256 | return value |
|ap_return_48          | out |   10| ap_ctrl_hs |  even_odd_sort_4_256 | return value |
|ap_return_49          | out |   10| ap_ctrl_hs |  even_odd_sort_4_256 | return value |
|ap_return_50          | out |   10| ap_ctrl_hs |  even_odd_sort_4_256 | return value |
|ap_return_51          | out |   10| ap_ctrl_hs |  even_odd_sort_4_256 | return value |
|ap_return_52          | out |   10| ap_ctrl_hs |  even_odd_sort_4_256 | return value |
|ap_return_53          | out |   10| ap_ctrl_hs |  even_odd_sort_4_256 | return value |
|ap_return_54          | out |   10| ap_ctrl_hs |  even_odd_sort_4_256 | return value |
|ap_return_55          | out |   10| ap_ctrl_hs |  even_odd_sort_4_256 | return value |
|ap_return_56          | out |   10| ap_ctrl_hs |  even_odd_sort_4_256 | return value |
|ap_return_57          | out |   10| ap_ctrl_hs |  even_odd_sort_4_256 | return value |
|ap_return_58          | out |   10| ap_ctrl_hs |  even_odd_sort_4_256 | return value |
|ap_return_59          | out |   10| ap_ctrl_hs |  even_odd_sort_4_256 | return value |
|ap_return_60          | out |   10| ap_ctrl_hs |  even_odd_sort_4_256 | return value |
|ap_return_61          | out |   10| ap_ctrl_hs |  even_odd_sort_4_256 | return value |
|ap_return_62          | out |   10| ap_ctrl_hs |  even_odd_sort_4_256 | return value |
|ap_return_63          | out |   10| ap_ctrl_hs |  even_odd_sort_4_256 | return value |
|array_objects_0_V_r   |  in |   10|   ap_none  |  array_objects_0_V_r |    scalar    |
|array_objects_1_V_r   |  in |   10|   ap_none  |  array_objects_1_V_r |    scalar    |
|array_objects_2_V_r   |  in |   10|   ap_none  |  array_objects_2_V_r |    scalar    |
|array_objects_3_V_r   |  in |   10|   ap_none  |  array_objects_3_V_r |    scalar    |
|array_objects_4_V_r   |  in |   10|   ap_none  |  array_objects_4_V_r |    scalar    |
|array_objects_5_V_r   |  in |   10|   ap_none  |  array_objects_5_V_r |    scalar    |
|array_objects_6_V_r   |  in |   10|   ap_none  |  array_objects_6_V_r |    scalar    |
|array_objects_7_V_r   |  in |   10|   ap_none  |  array_objects_7_V_r |    scalar    |
|array_objects_8_V_r   |  in |   10|   ap_none  |  array_objects_8_V_r |    scalar    |
|array_objects_9_V_r   |  in |   10|   ap_none  |  array_objects_9_V_r |    scalar    |
|array_objects_10_V_s  |  in |   10|   ap_none  | array_objects_10_V_s |    scalar    |
|array_objects_11_V_s  |  in |   10|   ap_none  | array_objects_11_V_s |    scalar    |
|array_objects_12_V_s  |  in |   10|   ap_none  | array_objects_12_V_s |    scalar    |
|array_objects_13_V_s  |  in |   10|   ap_none  | array_objects_13_V_s |    scalar    |
|array_objects_14_V_s  |  in |   10|   ap_none  | array_objects_14_V_s |    scalar    |
|array_objects_15_V_s  |  in |   10|   ap_none  | array_objects_15_V_s |    scalar    |
|array_objects_16_V_s  |  in |   10|   ap_none  | array_objects_16_V_s |    scalar    |
|array_objects_17_V_s  |  in |   10|   ap_none  | array_objects_17_V_s |    scalar    |
|array_objects_18_V_s  |  in |   10|   ap_none  | array_objects_18_V_s |    scalar    |
|array_objects_19_V_s  |  in |   10|   ap_none  | array_objects_19_V_s |    scalar    |
|array_objects_20_V_s  |  in |   10|   ap_none  | array_objects_20_V_s |    scalar    |
|array_objects_21_V_s  |  in |   10|   ap_none  | array_objects_21_V_s |    scalar    |
|array_objects_22_V_s  |  in |   10|   ap_none  | array_objects_22_V_s |    scalar    |
|array_objects_23_V_s  |  in |   10|   ap_none  | array_objects_23_V_s |    scalar    |
|array_objects_24_V_s  |  in |   10|   ap_none  | array_objects_24_V_s |    scalar    |
|array_objects_25_V_s  |  in |   10|   ap_none  | array_objects_25_V_s |    scalar    |
|array_objects_26_V_s  |  in |   10|   ap_none  | array_objects_26_V_s |    scalar    |
|array_objects_27_V_s  |  in |   10|   ap_none  | array_objects_27_V_s |    scalar    |
|array_objects_28_V_s  |  in |   10|   ap_none  | array_objects_28_V_s |    scalar    |
|array_objects_29_V_s  |  in |   10|   ap_none  | array_objects_29_V_s |    scalar    |
|array_objects_30_V_s  |  in |   10|   ap_none  | array_objects_30_V_s |    scalar    |
|array_objects_31_V_s  |  in |   10|   ap_none  | array_objects_31_V_s |    scalar    |
|array_objects_32_V_s  |  in |   10|   ap_none  | array_objects_32_V_s |    scalar    |
|array_objects_33_V_s  |  in |   10|   ap_none  | array_objects_33_V_s |    scalar    |
|array_objects_34_V_s  |  in |   10|   ap_none  | array_objects_34_V_s |    scalar    |
|array_objects_35_V_s  |  in |   10|   ap_none  | array_objects_35_V_s |    scalar    |
|array_objects_36_V_s  |  in |   10|   ap_none  | array_objects_36_V_s |    scalar    |
|array_objects_37_V_s  |  in |   10|   ap_none  | array_objects_37_V_s |    scalar    |
|array_objects_38_V_s  |  in |   10|   ap_none  | array_objects_38_V_s |    scalar    |
|array_objects_39_V_s  |  in |   10|   ap_none  | array_objects_39_V_s |    scalar    |
|array_objects_40_V_s  |  in |   10|   ap_none  | array_objects_40_V_s |    scalar    |
|array_objects_41_V_s  |  in |   10|   ap_none  | array_objects_41_V_s |    scalar    |
|array_objects_42_V_s  |  in |   10|   ap_none  | array_objects_42_V_s |    scalar    |
|array_objects_43_V_s  |  in |   10|   ap_none  | array_objects_43_V_s |    scalar    |
|array_objects_44_V_s  |  in |   10|   ap_none  | array_objects_44_V_s |    scalar    |
|array_objects_45_V_s  |  in |   10|   ap_none  | array_objects_45_V_s |    scalar    |
|array_objects_46_V_s  |  in |   10|   ap_none  | array_objects_46_V_s |    scalar    |
|array_objects_47_V_s  |  in |   10|   ap_none  | array_objects_47_V_s |    scalar    |
|array_objects_48_V_s  |  in |   10|   ap_none  | array_objects_48_V_s |    scalar    |
|array_objects_49_V_s  |  in |   10|   ap_none  | array_objects_49_V_s |    scalar    |
|array_objects_50_V_s  |  in |   10|   ap_none  | array_objects_50_V_s |    scalar    |
|array_objects_51_V_s  |  in |   10|   ap_none  | array_objects_51_V_s |    scalar    |
|array_objects_52_V_s  |  in |   10|   ap_none  | array_objects_52_V_s |    scalar    |
|array_objects_53_V_s  |  in |   10|   ap_none  | array_objects_53_V_s |    scalar    |
|array_objects_54_V_s  |  in |   10|   ap_none  | array_objects_54_V_s |    scalar    |
|array_objects_55_V_s  |  in |   10|   ap_none  | array_objects_55_V_s |    scalar    |
|array_objects_56_V_s  |  in |   10|   ap_none  | array_objects_56_V_s |    scalar    |
|array_objects_57_V_s  |  in |   10|   ap_none  | array_objects_57_V_s |    scalar    |
|array_objects_58_V_s  |  in |   10|   ap_none  | array_objects_58_V_s |    scalar    |
|array_objects_59_V_s  |  in |   10|   ap_none  | array_objects_59_V_s |    scalar    |
+----------------------+-----+-----+------------+----------------------+--------------+

