Report time       : Wed Aug  5 22:41:42 CDT 2020.
Solution          : solution1.

+----------+----------+-----------------------------------------------+-----------------------------------------------+
|          |          |                    Latency                    |                    Interval                   |
+   RTL    +  Status  +-----------------------------------------------+-----------------------------------------------+
|          |          |      min      |      avg      |      max      |      min      |      avg      |      max      |
+----------+----------+-----------------------------------------------+-----------------------------------------------+
|      VHDL|      Fail|             NA|             NA|             NA|             NA|             NA|             NA|
|   Verilog|        NA|              3|              3|              3|              3|              3|              3|
+----------+----------+-----------------------------------------------+-----------------------------------------------+
